###############################################################################
#
# IAR ELF Linker V8.22.1.15669/W32 for ARM                20/Nov/2023  19:29:01
# Copyright 2007-2018 IAR Systems AB.
#
#    Output file  =  C:\Users\pnu5\Desktop\project_test (5)\Debug\Exe\test.out
#    Map file     =  C:\Users\pnu5\Desktop\project_test (5)\Debug\List\test.map
#    Command line =  
#        -f C:\Users\pnu5\AppData\Local\Temp\EWC76.tmp
#        ("C:\Users\pnu5\Desktop\project_test (5)\Debug\Obj\core_cm3.o"
#        "C:\Users\pnu5\Desktop\project_test (5)\Debug\Obj\lcd.o"
#        "C:\Users\pnu5\Desktop\project_test (5)\Debug\Obj\main.o"
#        "C:\Users\pnu5\Desktop\project_test (5)\Debug\Obj\misc.o"
#        "C:\Users\pnu5\Desktop\project_test
#        (5)\Debug\Obj\startup_stm32f10x_cl.o"
#        "C:\Users\pnu5\Desktop\project_test (5)\Debug\Obj\stm32f10x_adc.o"
#        "C:\Users\pnu5\Desktop\project_test (5)\Debug\Obj\stm32f10x_bkp.o"
#        "C:\Users\pnu5\Desktop\project_test (5)\Debug\Obj\stm32f10x_can.o"
#        "C:\Users\pnu5\Desktop\project_test (5)\Debug\Obj\stm32f10x_cec.o"
#        "C:\Users\pnu5\Desktop\project_test (5)\Debug\Obj\stm32f10x_crc.o"
#        "C:\Users\pnu5\Desktop\project_test (5)\Debug\Obj\stm32f10x_dac.o"
#        "C:\Users\pnu5\Desktop\project_test (5)\Debug\Obj\stm32f10x_dbgmcu.o"
#        "C:\Users\pnu5\Desktop\project_test (5)\Debug\Obj\stm32f10x_dma.o"
#        "C:\Users\pnu5\Desktop\project_test (5)\Debug\Obj\stm32f10x_exti.o"
#        "C:\Users\pnu5\Desktop\project_test (5)\Debug\Obj\stm32f10x_flash.o"
#        "C:\Users\pnu5\Desktop\project_test (5)\Debug\Obj\stm32f10x_fsmc.o"
#        "C:\Users\pnu5\Desktop\project_test (5)\Debug\Obj\stm32f10x_gpio.o"
#        "C:\Users\pnu5\Desktop\project_test (5)\Debug\Obj\stm32f10x_i2c.o"
#        "C:\Users\pnu5\Desktop\project_test (5)\Debug\Obj\stm32f10x_it.o"
#        "C:\Users\pnu5\Desktop\project_test (5)\Debug\Obj\stm32f10x_iwdg.o"
#        "C:\Users\pnu5\Desktop\project_test (5)\Debug\Obj\stm32f10x_pwr.o"
#        "C:\Users\pnu5\Desktop\project_test (5)\Debug\Obj\stm32f10x_rcc.o"
#        "C:\Users\pnu5\Desktop\project_test (5)\Debug\Obj\stm32f10x_rtc.o"
#        "C:\Users\pnu5\Desktop\project_test (5)\Debug\Obj\stm32f10x_sdio.o"
#        "C:\Users\pnu5\Desktop\project_test (5)\Debug\Obj\stm32f10x_spi.o"
#        "C:\Users\pnu5\Desktop\project_test (5)\Debug\Obj\stm32f10x_tim.o"
#        "C:\Users\pnu5\Desktop\project_test (5)\Debug\Obj\stm32f10x_usart.o"
#        "C:\Users\pnu5\Desktop\project_test (5)\Debug\Obj\stm32f10x_wwdg.o"
#        "C:\Users\pnu5\Desktop\project_test (5)\Debug\Obj\system_stm32f10x.o"
#        "C:\Users\pnu5\Desktop\project_test (5)\Debug\Obj\touch.o" -o
#        "C:\Users\pnu5\Desktop\project_test (5)\Debug\Exe\test.out" --map
#        "C:\Users\pnu5\Desktop\project_test (5)\Debug\List\test.map" --log
#        libraries,initialization,modules,redirects,sections,veneers,unused_fragments,call_graph
#        --log_file "C:\Users\pnu5\Desktop\project_test
#        (5)\Debug\List\test.log" --config "C:\Program Files (x86)\IAR
#        Systems\Embedded Workbench 8.0\arm\config\linker\ST\stm32f107xC.icf"
#        --semihosting --entry __iar_program_start --vfe --text_out locale)
#
###############################################################################

*******************************************************************************
*** RUNTIME MODEL ATTRIBUTES
***

CppFlavor       = *
__SystemLibrary = DLib
__dlib_version  = 6


*******************************************************************************
*** HEAP SELECTION
***

The basic heap was selected because no calls to memory allocation
functions were found in the application outside of system library
functions, and there are calls to deallocation functions in the
application.


*******************************************************************************
*** PLACEMENT SUMMARY
***

"A0":  place at 0x08000000 { ro section .intvec };
"P1":  place in [from 0x08000000 to 0x0803ffff] { ro };
define block CSTACK with size = 4K, alignment = 8 { };
define block HEAP with size = 4K, alignment = 8 { };
"P2":  place in [from 0x20000000 to 0x2000ffff] {
          rw, block CSTACK, block HEAP };

  Section          Kind        Address    Size  Object
  -------          ----        -------    ----  ------
"A0":                                    0x150
  .intvec          ro code  0x08000000   0x150  startup_stm32f10x_cl.o [1]
                          - 0x08000150   0x150

"P1":                                   0x2b3c
  .text            ro code  0x08000150  0x19b0  core_cm3.o [1]
  .text            ro code  0x08001b00     0x8  abs.o [3]
  .text            ro code  0x08001b08    0x1a  U32ToDbl.o [4]
  .text            ro code  0x08001b24    0xf2  sqrt.o [4]
  .text            ro code  0x08001c18    0x3a  DblToS32.o [4]
  .text            ro code  0x08001c54    0x1c  U32ToFlt.o [4]
  .text            ro code  0x08001c70    0xfc  FltDiv.o [4]
  .text            ro code  0x08001d6c    0x24  FltCmpLe.o [4]
  .text            ro code  0x08001d90    0x24  FltCmpGe.o [4]
  .text            ro code  0x08001db4    0x24  S32ToFlt.o [4]
  .text            ro code  0x08001dd8    0xd8  FltMul.o [4]
  .text            ro code  0x08001eb0    0x80  FltSub.o [4]
  .text            ro code  0x08001f30    0x2a  FltToS32.o [4]
  .text            ro code  0x08001f5c    0xd6  FltAdd.o [4]
  .rodata          const    0x08002034   0x5f0  core_cm3.o [1]
  .rodata          const    0x08002624   0x474  core_cm3.o [1]
  .text            ro code  0x08002a98    0x40  zero_init3.o [5]
  .text            ro code  0x08002ad8    0x28  data_init.o [5]
  .iar.init_table  const    0x08002b00    0x10  - Linker created -
  .text            ro code  0x08002b10    0x1e  cmain.o [5]
  .text            ro code  0x08002b2e     0x4  low_level_init.o [3]
  .text            ro code  0x08002b32     0x4  exit.o [3]
  .text            ro code  0x08002b38     0xa  cexit.o [5]
  .text            ro code  0x08002b44    0x14  exit.o [6]
  .text            ro code  0x08002b58    0x10  startup_stm32f10x_cl.o [1]
  .text            ro code  0x08002b68     0xc  cstartup_M.o [5]
  .text            ro code  0x08002b74     0x4  startup_stm32f10x_cl.o [1]
  .text            ro code  0x08002b78     0x4  startup_stm32f10x_cl.o [1]
  .text            ro code  0x08002b7c     0x4  startup_stm32f10x_cl.o [1]
  .text            ro code  0x08002b80     0x4  startup_stm32f10x_cl.o [1]
  .text            ro code  0x08002b84     0x4  startup_stm32f10x_cl.o [1]
  .text            ro code  0x08002b88     0x4  startup_stm32f10x_cl.o [1]
  .text            ro code  0x08002b8c     0x4  startup_stm32f10x_cl.o [1]
  .text            ro code  0x08002b90     0x4  startup_stm32f10x_cl.o [1]
  .text            ro code  0x08002b94     0x4  startup_stm32f10x_cl.o [1]
  .text            ro code  0x08002b98     0x4  startup_stm32f10x_cl.o [1]
  .text            ro code  0x08002b9c     0x4  startup_stm32f10x_cl.o [1]
  .text            ro code  0x08002ba0     0x4  startup_stm32f10x_cl.o [1]
  .text            ro code  0x08002ba4     0x4  startup_stm32f10x_cl.o [1]
  .text            ro code  0x08002ba8     0x4  startup_stm32f10x_cl.o [1]
  .text            ro code  0x08002bac     0x4  startup_stm32f10x_cl.o [1]
  .text            ro code  0x08002bb0     0x4  startup_stm32f10x_cl.o [1]
  .text            ro code  0x08002bb4     0x4  startup_stm32f10x_cl.o [1]
  .text            ro code  0x08002bb8     0x4  startup_stm32f10x_cl.o [1]
  .text            ro code  0x08002bbc     0x4  startup_stm32f10x_cl.o [1]
  .text            ro code  0x08002bc0     0x4  startup_stm32f10x_cl.o [1]
  .text            ro code  0x08002bc4     0x4  startup_stm32f10x_cl.o [1]
  .text            ro code  0x08002bc8     0x4  startup_stm32f10x_cl.o [1]
  .text            ro code  0x08002bcc     0x4  startup_stm32f10x_cl.o [1]
  .text            ro code  0x08002bd0     0x4  startup_stm32f10x_cl.o [1]
  .text            ro code  0x08002bd4     0x4  startup_stm32f10x_cl.o [1]
  .text            ro code  0x08002bd8     0x4  startup_stm32f10x_cl.o [1]
  .text            ro code  0x08002bdc     0x4  startup_stm32f10x_cl.o [1]
  .text            ro code  0x08002be0     0x4  startup_stm32f10x_cl.o [1]
  .text            ro code  0x08002be4     0x4  startup_stm32f10x_cl.o [1]
  .text            ro code  0x08002be8     0x4  startup_stm32f10x_cl.o [1]
  .text            ro code  0x08002bec     0x4  startup_stm32f10x_cl.o [1]
  .text            ro code  0x08002bf0     0x4  startup_stm32f10x_cl.o [1]
  .text            ro code  0x08002bf4     0x4  startup_stm32f10x_cl.o [1]
  .text            ro code  0x08002bf8     0x4  startup_stm32f10x_cl.o [1]
  .text            ro code  0x08002bfc     0x4  startup_stm32f10x_cl.o [1]
  .text            ro code  0x08002c00     0x4  startup_stm32f10x_cl.o [1]
  .text            ro code  0x08002c04     0x4  startup_stm32f10x_cl.o [1]
  .text            ro code  0x08002c08     0x4  startup_stm32f10x_cl.o [1]
  .text            ro code  0x08002c0c     0x4  startup_stm32f10x_cl.o [1]
  .text            ro code  0x08002c10     0x4  startup_stm32f10x_cl.o [1]
  .text            ro code  0x08002c14     0x4  startup_stm32f10x_cl.o [1]
  .text            ro code  0x08002c18     0x4  startup_stm32f10x_cl.o [1]
  .text            ro code  0x08002c1c     0x4  startup_stm32f10x_cl.o [1]
  .text            ro code  0x08002c20     0x4  startup_stm32f10x_cl.o [1]
  .text            ro code  0x08002c24     0x4  startup_stm32f10x_cl.o [1]
  .text            ro code  0x08002c28     0x4  startup_stm32f10x_cl.o [1]
  .text            ro code  0x08002c2c     0x4  startup_stm32f10x_cl.o [1]
  .text            ro code  0x08002c30     0x4  startup_stm32f10x_cl.o [1]
  .text            ro code  0x08002c34     0x4  startup_stm32f10x_cl.o [1]
  .text            ro code  0x08002c38     0x4  startup_stm32f10x_cl.o [1]
  .text            ro code  0x08002c3c     0x4  startup_stm32f10x_cl.o [1]
  .text            ro code  0x08002c40     0x4  startup_stm32f10x_cl.o [1]
  .text            ro code  0x08002c44     0x4  startup_stm32f10x_cl.o [1]
  .text            ro code  0x08002c48     0x4  startup_stm32f10x_cl.o [1]
  .text            ro code  0x08002c4c     0x4  startup_stm32f10x_cl.o [1]
  .text            ro code  0x08002c50     0x4  startup_stm32f10x_cl.o [1]
  .text            ro code  0x08002c54     0x4  startup_stm32f10x_cl.o [1]
  .text            ro code  0x08002c58     0x4  startup_stm32f10x_cl.o [1]
  .text            ro code  0x08002c5c     0x4  startup_stm32f10x_cl.o [1]
  .text            ro code  0x08002c60     0x4  startup_stm32f10x_cl.o [1]
  .text            ro code  0x08002c64     0x4  startup_stm32f10x_cl.o [1]
  .text            ro code  0x08002c68     0x4  startup_stm32f10x_cl.o [1]
  .text            ro code  0x08002c6c     0x4  startup_stm32f10x_cl.o [1]
  .text            ro code  0x08002c70     0x4  startup_stm32f10x_cl.o [1]
  .text            ro code  0x08002c74     0x4  startup_stm32f10x_cl.o [1]
  .text            ro code  0x08002c78     0x4  startup_stm32f10x_cl.o [1]
  .text            ro code  0x08002c7c     0x4  startup_stm32f10x_cl.o [1]
  .text            ro code  0x08002c80     0x4  startup_stm32f10x_cl.o [1]
  .text            ro code  0x08002c84     0x4  startup_stm32f10x_cl.o [1]
  .text            ro code  0x08002c88     0x4  startup_stm32f10x_cl.o [1]
  .rodata          const    0x08002c8c     0x0  zero_init3.o [5]
                          - 0x08002c8c  0x2b3c

"P2", part 1 of 2:                        0x14
  .bss             zero     0x20000000     0x4  core_cm3.o [1]
  .bss             zero     0x20000004     0x4  core_cm3.o [1]
  .bss             zero     0x20000008     0x4  core_cm3.o [1]
  .bss             zero     0x2000000c     0x2  core_cm3.o [1]
  .bss             zero     0x2000000e     0x2  core_cm3.o [1]
  .bss             zero     0x20000010     0x2  core_cm3.o [1]
                          - 0x20000012    0x12

"P2", part 2 of 2:                      0x1000
  CSTACK                    0x20000018  0x1000  <Block>
    CSTACK         uninit   0x20000018  0x1000  <Block tail>
                          - 0x20001018  0x1000


*******************************************************************************
*** INIT TABLE
***

          Address     Size
          -------     ----
Zero (__iar_zero_init3)
    1 destination range, total size 0x12:
          0x20000000  0x12



*******************************************************************************
*** MODULE SUMMARY
***

    Module                  ro code  ro data  rw data
    ------                  -------  -------  -------
C:\Users\pnu5\Desktop\project_test (5)\Debug\Obj: [1]
    core_cm3.o                6 576    2 660       18
    startup_stm32f10x_cl.o      632
    -------------------------------------------------
    Total:                    7 208    2 660       18

command line: [2]
    -------------------------------------------------
    Total:

dl7M_tln.a: [3]
    abs.o                         8
    exit.o                        4
    low_level_init.o              4
    -------------------------------------------------
    Total:                       16

m7M_tl.a: [4]
    DblToS32.o                   58
    FltAdd.o                    214
    FltCmpGe.o                   36
    FltCmpLe.o                   36
    FltDiv.o                    252
    FltMul.o                    216
    FltSub.o                    128
    FltToS32.o                   42
    S32ToFlt.o                   36
    U32ToDbl.o                   26
    U32ToFlt.o                   28
    sqrt.o                      242
    -------------------------------------------------
    Total:                    1 314

rt7M_tl.a: [5]
    cexit.o                      10
    cmain.o                      30
    cstartup_M.o                 12
    data_init.o                  40
    zero_init3.o                 64
    -------------------------------------------------
    Total:                      156

shb_l.a: [6]
    exit.o                       20
    -------------------------------------------------
    Total:                       20

    Gaps                         12        2
    Linker created                        16    4 096
-----------------------------------------------------
    Grand Total:              8 726    2 678    4 114


*******************************************************************************
*** ENTRY LIST
***

Entry                      Address   Size  Type      Object
-----                      -------   ----  ----      ------
.iar.init_table$$Base   0x08002b00          --   Gb  - Linker created -
.iar.init_table$$Limit  0x08002b10          --   Gb  - Linker created -
?main                   0x08002b11         Code  Gb  cmain.o [5]
ADC_Cmd                 0x08000cdb   0x1a  Code  Gb  core_cm3.o [1]
ADC_Configure           0x08000ab9   0x8e  Code  Gb  core_cm3.o [1]
ADC_DMACmd              0x08000cf5   0x1a  Code  Gb  core_cm3.o [1]
ADC_DeInit              0x08000c35   0x5c  Code  Gb  core_cm3.o [1]
ADC_GetCalibrationStatus
                        0x08000d35   0x12  Code  Gb  core_cm3.o [1]
ADC_GetResetCalibrationStatus
                        0x08000d19   0x12  Code  Gb  core_cm3.o [1]
ADC_Init                0x08000c91   0x4a  Code  Gb  core_cm3.o [1]
ADC_RegularChannelConfig
                        0x08000d61   0xc6  Code  Gb  core_cm3.o [1]
ADC_ResetCalibration    0x08000d0f    0xa  Code  Gb  core_cm3.o [1]
ADC_SoftwareStartConvCmd
                        0x08000d47   0x1a  Code  Gb  core_cm3.o [1]
ADC_StartCalibration    0x08000d2b    0xa  Code  Gb  core_cm3.o [1]
ADC_Value               0x20000000    0x4  Data  Gb  core_cm3.o [1]
ADS_Read_AD             0x080013e9   0x9e  Code  Gb  core_cm3.o [1]
ADS_Read_XY             0x08001487   0xae  Code  Gb  core_cm3.o [1]
ADS_Write_Byte          0x08001395   0x52  Code  Gb  core_cm3.o [1]
BusFault_Handler        0x08001117    0x2  Code  Gb  core_cm3.o [1]
CSTACK$$Base            0x20000018          --   Gb  - Linker created -
CSTACK$$Limit           0x20001018          --   Gb  - Linker created -
DMA_Cmd                 0x08000fdf   0x1c  Code  Gb  core_cm3.o [1]
DMA_Configure           0x08000b47   0x5a  Code  Gb  core_cm3.o [1]
DMA_DeInit              0x08000e51  0x152  Code  Gb  core_cm3.o [1]
DMA_Init                0x08000fa3   0x3c  Code  Gb  core_cm3.o [1]
DebugMon_Handler        0x0800111d    0x2  Code  Gb  core_cm3.o [1]
DeviceCode              0x2000000c    0x2  Data  Gb  core_cm3.o [1]
Drow_Touch_Point        0x08001741   0x68  Code  Gb  core_cm3.o [1]
GPIO_Configure          0x08000a8f   0x1e  Code  Gb  core_cm3.o [1]
GPIO_Init               0x08001035   0xc4  Code  Gb  core_cm3.o [1]
GPIO_ReadInputData      0x080010f9    0x6  Code  Gb  core_cm3.o [1]
GPIO_ResetBits          0x08001105    0x6  Code  Gb  core_cm3.o [1]
GPIO_SetBits            0x080010ff    0x6  Code  Gb  core_cm3.o [1]
GPIO_Write              0x0800110b    0x6  Code  Gb  core_cm3.o [1]
HardFault_Handler       0x08001113    0x2  Code  Gb  core_cm3.o [1]
LCD_Clear               0x080006af   0x28  Code  Gb  core_cm3.o [1]
LCD_DrawLine            0x0800076d  0x110  Code  Gb  core_cm3.o [1]
LCD_DrawPoint           0x08000755   0x18  Code  Gb  core_cm3.o [1]
LCD_Init                0x08000375  0x33a  Code  Gb  core_cm3.o [1]
LCD_SetCursor           0x080006d7   0x3e  Code  Gb  core_cm3.o [1]
LCD_ShowChar            0x0800087d  0x100  Code  Gb  core_cm3.o [1]
LCD_ShowNum             0x0800097d   0xe8  Code  Gb  core_cm3.o [1]
LCD_WindowMax           0x08000715   0x40  Code  Gb  core_cm3.o [1]
MemManage_Handler       0x08001115    0x2  Code  Gb  core_cm3.o [1]
NMI_Handler             0x08001111    0x2  Code  Gb  core_cm3.o [1]
PendSV_Handler          0x0800111f    0x2  Code  Gb  core_cm3.o [1]
RCC_AHBPeriphClockCmd   0x08001123   0x28  Code  Gb  core_cm3.o [1]
RCC_APB2PeriphClockCmd  0x0800114b   0x28  Code  Gb  core_cm3.o [1]
RCC_APB2PeriphResetCmd  0x08001173   0x28  Code  Gb  core_cm3.o [1]
RCC_Configure           0x08000a69   0x26  Code  Gb  core_cm3.o [1]
Read_ADSX               0x08001535   0x1c  Code  Gb  core_cm3.o [1]
Read_ADSY               0x08001551   0x1c  Code  Gb  core_cm3.o [1]
Refreshes_Screen        0x080017a9    0xc  Code  Gb  core_cm3.o [1]
Region$$Table$$Base     0x08002b00          --   Gb  - Linker created -
Region$$Table$$Limit    0x08002b10          --   Gb  - Linker created -
SVC_Handler             0x0800111b    0x2  Code  Gb  core_cm3.o [1]
SysTick_Handler         0x08001121    0x2  Code  Gb  core_cm3.o [1]
SystemInit              0x080011a9   0x88  Code  Gb  core_cm3.o [1]
Touch_Adjust            0x080017b5  0x2ee  Code  Gb  core_cm3.o [1]
Touch_Configuration     0x080016ed   0x52  Code  Gb  core_cm3.o [1]
Touch_GetXY             0x080016ad   0x40  Code  Gb  core_cm3.o [1]
Touch_GexX              0x0800156d   0xa0  Code  Gb  core_cm3.o [1]
Touch_GexY              0x0800160d   0xa0  Code  Gb  core_cm3.o [1]
UsageFault_Handler      0x08001119    0x2  Code  Gb  core_cm3.o [1]
__aeabi_cfcmple         0x08001d6d         Code  Gb  FltCmpLe.o [4]
__aeabi_cfrcmple        0x08001d91         Code  Gb  FltCmpGe.o [4]
__aeabi_d2iz            0x08001c19         Code  Gb  DblToS32.o [4]
__aeabi_f2iz            0x08001f31         Code  Gb  FltToS32.o [4]
__aeabi_fdiv            0x08001c71         Code  Gb  FltDiv.o [4]
__aeabi_fmul            0x08001dd9         Code  Gb  FltMul.o [4]
__aeabi_fsub            0x08001eb1         Code  Gb  FltSub.o [4]
__aeabi_i2f             0x08001db5         Code  Gb  S32ToFlt.o [4]
__aeabi_ui2d            0x08001b09         Code  Gb  U32ToDbl.o [4]
__aeabi_ui2f            0x08001c55         Code  Gb  U32ToFlt.o [4]
__cmain                 0x08002b11         Code  Gb  cmain.o [5]
__exit                  0x08002b45   0x14  Code  Gb  exit.o [6]
__iar_data_init3        0x08002ad9   0x28  Code  Gb  data_init.o [5]
__iar_fadd              0x08001ebd         Code  Gb  FltSub.o [4]
__iar_fsub              0x08001f5d         Code  Gb  FltAdd.o [4]
__iar_fsubStart         0x08001f6d         Code  Gb  FltAdd.o [4]
__iar_program_start     0x08002b69         Code  Gb  cstartup_M.o [5]
__iar_sqrt64            0x08001b25         Code  Gb  sqrt.o [4]
__iar_systems$$module {Abs}
                        0x00000001         Data  Gb  command line/config [2]
__iar_zero_init3        0x08002a99   0x40  Code  Gb  zero_init3.o [5]
__low_level_init        0x08002b2f    0x4  Code  Gb  low_level_init.o [3]
__vector_table          0x08000000         Data  Gb  startup_stm32f10x_cl.o [1]
_call_main              0x08002b1d         Code  Gb  cmain.o [5]
_exit                   0x08002b39         Code  Gb  cexit.o [5]
_main                   0x08002b2b         Code  Gb  cmain.o [5]
abs                     0x08001b01    0x8  Code  Gb  abs.o [3]
asc2_1206               0x08002624  0x474  Data  Gb  core_cm3.o [1]
asc2_1608               0x08002034  0x5f0  Data  Gb  core_cm3.o [1]
exit                    0x08002b33    0x4  Code  Gb  exit.o [3]
main                    0x08000ba1   0x90  Code  Gb  core_cm3.o [1]
sqrt                    0x08001b25         Code  Gb  sqrt.o [4]
sqrtl                   0x08001b25         Code  Gb  sqrt.o [4]
xfac                    0x20000004    0x4  Data  Gb  core_cm3.o [1]
xoff                    0x2000000e    0x2  Data  Gb  core_cm3.o [1]
yfac                    0x20000008    0x4  Data  Gb  core_cm3.o [1]
yoff                    0x20000010    0x2  Data  Gb  core_cm3.o [1]


[1] = C:\Users\pnu5\Desktop\project_test (5)\Debug\Obj
[2] = command line
[3] = dl7M_tln.a
[4] = m7M_tl.a
[5] = rt7M_tl.a
[6] = shb_l.a

  8 726 bytes of readonly  code memory
  2 678 bytes of readonly  data memory
  4 114 bytes of readwrite data memory

Errors: none
Warnings: none
